eeschema (2012-01-19 BZR 3256)-stable  >> Creation date: 11/09/2013 13:08:26

#Cmp ( order = Reference )
| D1         1N4148      
| D2         LED         
| D3         LED         
| D4         LED         
| D5         LED         
| D6         LED         
| D7         LED         
| D8         LED         
| D9         LED         
| D10        LED         
| D11        LED         
| D12        LED         
| D13        LED         
| D14        LED         
| D15        LED         
| D16        LED         
| D17        LED         
| D18        LED         
| D19        LED         
| D20        LED         
| D21        LED         
| D22        LED         
| D23        LED         
| D24        LED         
| D25        LED         
| D26        LED         
| D27        LED         
| D28        LED         
| D29        LED         
| D30        LED         
| D31        LED         
| D32        LED         
| D33        LED         
| D34        LED         
| D35        LED         
| D36        LED         
| D37        LED         
| D38        LED         
| D39        LED         
| D40        LED         
| D41        LED         
| D42        LED         
| D43        LED         
| D44        LED         
| D45        LED         
| D46        LED         
| D47        LED         
| D48        LED         
| D49        LED         
| D50        LED         
| D51        LED         
| D52        LED         
| D53        LED         
| D54        LED         
| D55        LED         
| D56        LED         
| D57        LED         
| D58        LED         
| D59        LED         
| D60        LED         
| D61        LED         
| D62        LED         
| D63        LED         
| D64        LED         
| D65        LED         
| D66        LED         
| D67        LED         
| D68        LED         
| D69        LED         
| D70        LED         
| D71        LED         
| D72        LED         
| D73        LED         
| D74        LED         
| D75        LED         
| D76        LED         
| D77        LED         
| D78        LED         
| D79        LED         
| D80        LED         
| D81        LED         
| D82        LED         
| D83        LED         
| D84        LED         
| D85        LED         
| D86        LED         
| D87        LED         
| D88        LED         
| D89        LED         
| D90        LED         
| D91        LED         
| D92        LED         
| D93        LED         
| D94        LED         
| D95        LED         
| D96        LED         
| D97        LED         
| D98        LED         
| D99        LED         
| D100       LED         
| D101       LED         
| D102       LED         
| D103       LED         
| D104       LED         
| D105       LED         
| D106       LED         
| D107       LED         
| D108       LED         
| D109       LED         
| D110       LED         
| D111       LED         
| D112       LED         
| D113       LED         
| D114       LED         
| D115       LED         
| D116       LED         
| D117       LED         
| D118       LED         
| D119       LED         
| D120       LED         
| D121       LED         
| D122       LED         
| D123       LED         
| D124       LED         
| D125       LED         
| D126       LED         
| D127       LED         
| D128       LED         
| D129       LED         
| JP1        JUMPER      
| JP2        JUMPER      
| JP3        JUMPER      
| P1         CONN_4      
| R1         47K         
| R2         47K         
| R3         47K         
| R4         10K         
| R5         10K         
| U1         HT16K33     
#End Cmp

#Cmp ( order = Value )
| 10K          R4        
| 10K          R5        
| 1N4148       D1        
| 47K          R1        
| 47K          R2        
| 47K          R3        
| CONN_4       P1        
| HT16K33      U1        
| JUMPER       JP1       
| JUMPER       JP2       
| JUMPER       JP3       
| LED          D2        
| LED          D3        
| LED          D4        
| LED          D5        
| LED          D6        
| LED          D7        
| LED          D8        
| LED          D9        
| LED          D10       
| LED          D11       
| LED          D12       
| LED          D13       
| LED          D14       
| LED          D15       
| LED          D16       
| LED          D17       
| LED          D18       
| LED          D19       
| LED          D20       
| LED          D21       
| LED          D22       
| LED          D23       
| LED          D24       
| LED          D25       
| LED          D26       
| LED          D27       
| LED          D28       
| LED          D29       
| LED          D30       
| LED          D31       
| LED          D32       
| LED          D33       
| LED          D34       
| LED          D35       
| LED          D36       
| LED          D37       
| LED          D38       
| LED          D39       
| LED          D40       
| LED          D41       
| LED          D42       
| LED          D43       
| LED          D44       
| LED          D45       
| LED          D46       
| LED          D47       
| LED          D48       
| LED          D49       
| LED          D50       
| LED          D51       
| LED          D52       
| LED          D53       
| LED          D54       
| LED          D55       
| LED          D56       
| LED          D57       
| LED          D58       
| LED          D59       
| LED          D60       
| LED          D61       
| LED          D62       
| LED          D63       
| LED          D64       
| LED          D65       
| LED          D66       
| LED          D67       
| LED          D68       
| LED          D69       
| LED          D70       
| LED          D71       
| LED          D72       
| LED          D73       
| LED          D74       
| LED          D75       
| LED          D76       
| LED          D77       
| LED          D78       
| LED          D79       
| LED          D80       
| LED          D81       
| LED          D82       
| LED          D83       
| LED          D84       
| LED          D85       
| LED          D86       
| LED          D87       
| LED          D88       
| LED          D89       
| LED          D90       
| LED          D91       
| LED          D92       
| LED          D93       
| LED          D94       
| LED          D95       
| LED          D96       
| LED          D97       
| LED          D98       
| LED          D99       
| LED          D100      
| LED          D101      
| LED          D102      
| LED          D103      
| LED          D104      
| LED          D105      
| LED          D106      
| LED          D107      
| LED          D108      
| LED          D109      
| LED          D110      
| LED          D111      
| LED          D112      
| LED          D113      
| LED          D114      
| LED          D115      
| LED          D116      
| LED          D117      
| LED          D118      
| LED          D119      
| LED          D120      
| LED          D121      
| LED          D122      
| LED          D123      
| LED          D124      
| LED          D125      
| LED          D126      
| LED          D127      
| LED          D128      
| LED          D129      
#End Cmp

#End List
